// Jest Snapshot v1, https://goo.gl/fbAQLP

exports[`Form should render correctly 1`] = `
<form
  name="frm"
  onSubmit={[Function]}
>
  <div
    className="form-group"
  >
    <label
      htmlFor="firstname"
    >
      firstname
    </label>
    <input
      className="form-control"
      id="firstname"
      name="firstname"
      onChange={[Function]}
      type="text"
      value=""
    />
  </div>
  <div
    className="form-group"
  >
    <label
      htmlFor="firstname"
    >
      lastname
    </label>
    <input
      className="form-control"
      id="lastname"
      name="lastname"
      onChange={[Function]}
      type="text"
      value=""
    />
  </div>
  <div
    className="form-check mb-3 text-right"
  >
    <input
      className="form-check-input"
      id="subscribed"
      name="subscribed"
      onChange={[Function]}
      type="checkbox"
    />
    <label
      className="form-check-label"
      htmlFor="subscribed"
    >
      subscribed
    </label>
  </div>
  <button
    className="btn btn-primary"
    type="submit"
  >
     submit 
  </button>
</form>
`;
