// Jest Snapshot v1, https://goo.gl/fbAQLP

exports[`TextInput should render correctly 1`] = `
<div
  className="form-group"
>
  <label
    htmlFor="text input"
  >
    Text Input
  </label>
  <input
    className="form-control"
    id="input"
    name="input"
    onChange={[Function]}
    type="input"
    value="hello world"
  />
</div>
`;
